                          X-15 AIR-LAUNCH - GENERAL THRUST MODEL WITH CHAMBER PRESSURE                    



NUMBER OF STAGES:   1

UNITS:   SI (METRIC) UNITS

AERO DATA:   CN, CA, AND CENTER OF PRESSURE (CP)



FOR LIQUID ROCKET ENGINE OR SOLID ROCKET MOTOR POWERED STAGES AERODYNAMIC DATA IS POWER-ON AERODYNAMIC DATA.
POWER-OFF DELTA-CA INCREMENT IS THEN ADDED FOR COASTING PHASE OF STAGE.

IF STAGE IS UNPOWERED, THEN AERO DATA IS POWER-OFF AERO DATA.  DELTA-CA INCREMENT FOR POWER-OFF IS SET TO ZERO.



ANGLE OF ATTACK TABLE FOR STAGE:   1
     -20.00000    -10.00000      0.00000     10.00000     20.00000

MACH TABLE FOR STAGE:   1
       0.00000      0.89000      1.10000      1.70000      3.30000      5.70000

NORMAL FORCE COEF DATA FOR STAGE:   1
      -1.09000     -0.61230      0.00000      0.61230      1.09000
      -1.09000     -0.61230      0.00000      0.61230      1.09000
      -1.16800     -0.60850     -0.05000      0.60850      1.16800
      -1.01000     -0.51730     -0.05000      0.51730      1.01000
      -0.57840     -0.23890     -0.02500      0.23890      0.57840
      -0.56900     -0.19520     -0.02500      0.19520      0.56900

AXIAL FORCE COEF DATA FOR STAGE:   1
       0.08100      0.07480      0.06000      0.07480      0.08100
       0.08100      0.07480      0.06000      0.07480      0.08100
       0.13890      0.11100      0.10000      0.11100      0.13890
       0.13210      0.11100      0.09000      0.11100      0.13210
       0.09810      0.05940      0.05500      0.05940      0.09810
       0.09500      0.04170      0.03800      0.04170      0.09500

CENTER OF PRESSURE DATA (METERS) FOR STAGE:   1
       0.00000      0.00000      0.00000      0.00000      0.00000
       0.00000      0.00000      0.00000      0.00000      0.00000
       0.00000      0.00000      0.00000      0.00000      0.00000
       0.00000      0.00000      0.00000      0.00000      0.00000
       0.00000      0.00000      0.00000      0.00000      0.00000
       0.00000      0.00000      0.00000      0.00000      0.00000

MACH TABLE FOR POWER-OFF DELTA AXIAL FORCE COEF DATA FOR STAGE:   1
       0.00000      0.89000      1.10000      1.70000      3.30000      5.70000

POWER-OFF DELTA AXIAL FORCE COEF DATA FOR STAGE:   1
       0.05000      0.05000      0.05000      0.05000      0.05000      0.05000

POSITIVE POWER-OFF DELTA AXIAL FORCE COEF MEANS POWER-OFF CA HIGHER THAN POWER-ON CA.

WEIGHT TABLE IN KG FOR X-CG AND PITCH INERTIA FOR STAGE:   1
         0.000        0.000

X-CG DATA IN METERS FOR STAGE:   1
         0.000        0.000

PITCH INERTIA DATA IN KG-M^2 FOR STAGE:   1
         0.000        0.000

THRUST VECTOR SYSTEM (TVS) DATA FOR THRUST VECTOR ANGLE (TVA) FOR STAGE:   1
     
      TVS-X-STA    TVS-%THRUST   MAX-TVA
       (METERS)      (N.D.)       (DEG)
         0.000        0.000        0.000


REFERENCE DATA FOR STAGE:   1

     START-TIME    REF-AREA    INITIAL-WT   BURNOUT-WT  THRUST-LOGIC
       (SEC)        (M^2)        (KG)         (KG)        (N.D.)
        0.0000      18.5806   15104.6260    6803.8857       1
     THROAT-AREA  EXPAN-RATIO  DIVERG-ANGLE  BURN-TIME   REF-THRUST    REF-ISP      REF-PC       REF-PA
       (M^2)        (N.D.)       (DEG)        (SEC)       (NEWTONS)     (SEC)        (MPa)        (MPa)
        0.0378       9.8000      21.0000      80.0000  257996.8438     277.0000       4.1368       0.0000

     SPECIFIC-HEAT  THRUST-COEFF  NEG-THRUST
      RATIO (N.D.)  RATIO (N.D.)  (N.D.)
         1.2000       1.0000       0

     NOZZLE IS A BELL NOZZLE



CHAMBER PRESSURE TIME HISTORY:

TIME (SEC):

       0.00000     79.90000     80.00000

CHAMBER PRESSURE (MPa):

       4.13685      4.13685      0.00000



REFERENCE NOSE RADIUS FOR STAGNATION HEATING COMPUTATIONS:   0.08255 METERS



ANGLE OF ATTACK AND BANK ANGLE (ROLL ANGLE) COMMAND TIME HISTORIES:

TIME (SEC):

       0.00000      5.00000      6.50000     20.00000     30.00000    190.00000    200.00000    280.00000    290.00000   1000.00000

ANGLE OF ATTACK (DEG):

       0.00000      0.00000     15.00000     15.00000      5.00000     10.00000     18.00000     18.00000     10.00000     10.00000

BANK ANGLE (ROLL ANGLE) (DEG):

       0.00000      0.00000      0.00000      0.00000      0.00000      0.00000      0.00000      0.00000      0.00000      0.00000



LIST OF PARAMETERS TO BE WRITTEN TO EXCEL .CSV FILE ARE:

   1  ELAPSE TIME          10  BANK (ROLL) ANGLE      17  DRAG COEFFICIENT      24  GROSS WEIGHT           31  LONGITUDE
   2  RELATIVE VELOCITY    11  RELATIVE HEADING       18  NORMAL FORCE COEF     25  CENTER OF GRAVITY      32  RANGE
   3  INERTIAL VELOCITY    12  NORMAL ACCELERATION    19  AXIAL FORCE COEF      26  PITCH INERTIA          33  PITCH RATE
   4  MACH NUMBER          13  LONG ACCELERATION      20  CENTER OF PRESSURE    27  THRUST VECTOR ANGLE    34  ROLL RATE
   5  ALTITUDE             14  QBAR x ALPHA           21  LIFT-TO-DRAG RATIO    28  THRUST VECTOR FLAG     35  STAGNATION TEMP
   6  DYNAMIC PRESSURE     15  ALTITUDE RATE          22  THRUST                29  TIME-TO-DOUBLE AMPL    36  STAG TOTAL HEAT LOAD
   7  FLIGHTPATH ANGLE     16  LIFT COEFFICIENT       23  ISP                   30  GEODETIC LATITUDE      37  LOSS OF SIGNAL FLAG
   8  PITCH ANGLE
   9  ANGLE OF ATTACK



        FRAME-TIME   RUN-TIME   PRINT-TIME  VERTICAL-LAUNCH
          (SEC)       (SEC)       (SEC)       (N.D.)
           0.010    1000.000      10.000        0



        CONVENTIONAL FLIGHT MODE.
        3-DOF ROTATING OBLATE EARTH EQUATIONS OF MOTION.
        IF BANK ANGLE (ROLL ANGLE) IS PRESENT, ALL TURNS COORDINATED SO THAT YAW ANGLE IS ZERO.


        TIME    GEOC-LAT   GEOD-LAT    LONG        INERTL-VEL  INERTL-HDG   GEOD-HDOT   ALTITUDE     RADIUS       REL-VEL    REL-HDG
         (SEC)   (DEG)      (DEG)       (DEG)       (M/SEC)     (DEG)        (M/SEC)     (METERS)     (METERS)     (M/SEC)    (DEG)
        TIME    DENSITY    QBAR        TEMP        MACH        CL           CD          CN           CA           CP         L/D
         (SEC)   (KG/M^3)   (Pa)        (DEG-K)     (N.D.)      (N.D.)       (N.D.)      (N.D.)       (N.D.)       (METERS)   (N.D.)
        TIME    EULER-HDG  GEOC-GAMMA  THETA-CMD   EULER-PITCH ALPHA-CMD    ALPHA       BANK-CMD     EULER-ROLL   SIDESLIP
         (SEC)   (DEG)      (DEG)       (DEG)       (DEG)       (DEG)        (DEG)       (DEG)        (DEG)        (DEG)
        TIME    XBODY-VEL  YBODY-VEL   ZBODY-VEL   NORTH-VEL   EAST-VEL     VERT-VEL    PITCH-RATE   ROLL-RATE    YAW-RATE
         (SEC)   (M/SEC)    (M/SEC)     (M/SEC)     (M/SEC)     (M/SEC)      (M/SEC)     (DEG/SEC)    (DEG/SEC)    (DEG/SEC)
        TIME    RANGE      TRUE-AIRSPD GEOC-HDOT   QBARxALPHA  NORMAL-ACCEL LONG-ACCEL
         (SEC)   (NM)       (M/SEC)     (M/SEC)     (Pa-DEG)    (G)          (G)
        TIME    THRUST     WEIGHT      CHAM-PRESS  PE/PC-RATIO ISP
         (SEC)   (NEWTONS)  (KG)        (MPa)       (N.D.)      (SEC)
        TIME    TVA        CG          IYY         T2          TM-LOS
         (SEC)   (DEG)      (METERS)    (KG-M^2)    (SEC)       (N.D.)
        TIME    STAG-TEMP  STAG-HTRATE TOTAL-HEAT
         (SEC)   (DEG-C)    (W/M^2)     (J/M^2)
        0.000      37.789      37.975    -116.833     440.323     123.333      -0.786     13716.0   6383827.5     241.958     180.000
        0.000 0.239802480    7019.418     216.650       0.820     0.00000     0.06000     0.00000     0.06000     0.00000       0.000
        0.000     180.000       0.000       0.000       0.000       0.000       0.000       0.000       0.000       0.000
        0.000     241.958       0.000       0.000    -241.958      -0.000       0.000       0.000       0.000       0.000
        0.000       0.000     241.958       0.000       0.000       0.000       1.687
        0.000  257681.062   15104.626       4.137       0.013     270.742
        0.000       0.000       0.000       0.000       0.000       1.000
        0.000       0.000   11356.530       0.000
       10.000      37.760      37.946    -116.833     536.093     136.657     -21.933     13327.4   6383449.5     390.138     180.044
       10.000 0.254767656   19388.656     216.650       1.322     0.78048     0.33680     0.84101     0.12364     0.00000       2.317
       10.000     180.048      -3.037    9999.990      11.941      15.000      14.978       0.000       0.000       0.000
       10.000     376.883       0.000     100.832    -389.590      -0.329      20.668       2.179      -0.004      -0.000
       10.000       2.375     390.138     -20.668  290407.062       2.185       1.536
       10.000  257347.938   14133.721       4.137       0.013     270.379
       10.000       0.000       0.000       0.000       0.000       1.000
       10.000       0.000     113.565     567.834
       20.000      37.722      37.909    -116.833     585.674     139.042     168.465     14003.7   6384139.0     456.090     180.110
       20.000 0.229168668   23835.463     216.650       1.546     0.73580     0.32347     0.79439     0.12237     0.00000       2.275
       20.000     180.110      21.863    9999.990      36.836      15.000      14.974       0.000       0.000       0.000
       20.000     440.603       0.000     117.841    -423.287      -0.815    -169.839       2.571      -0.006       0.003
       20.000       4.282     456.090     169.839  356901.875       2.726       1.578
       20.000  257916.547   13162.814       4.137       0.013     270.998
       20.000       0.000       0.000       0.000       0.000       1.000
       20.000       0.000     229.549    2283.443
       30.001      37.685      37.871    -116.833     651.178     139.961     312.462     16516.2   6386665.5     537.887     180.201
       30.001 0.154165342   22301.627     216.650       1.823     0.21504     0.11642     0.22439     0.09720     0.00000       1.847
       30.001     180.201      35.700    9999.990      40.699       5.000       4.999       0.000       0.000       0.000
       30.001     535.841       0.000      46.868    -436.807      -1.533    -313.879      -0.806      -0.008       0.003
       30.001       5.938     537.887     313.879  111479.359       0.778       1.834
       30.001  259586.828   12192.664       4.137       0.013     272.818
       30.001       0.000       0.000       0.000       0.000       1.000
       30.001       0.000     386.775    5365.133
       40.009      37.641      37.828    -116.833     759.263     145.510     396.156     20052.8   6390218.0     665.130     180.301
       40.009 0.088192783   19508.023     216.650       2.254     0.19539     0.10453     0.20423     0.08599     0.00000       1.869
       40.009     180.301      36.741    9999.990      42.054       5.313       5.312       0.000       0.000       0.000
       40.009     662.273       0.000      61.580    -532.990      -2.804    -397.883       0.087      -0.008       0.004
       40.009       8.727     665.130     397.883  103631.211       0.673       2.089
       40.009  261056.719   11221.679       4.137       0.013     274.419
       40.009       0.000       0.000       0.000       0.000       1.000
       40.009       0.000     785.506   11231.640
       50.008      37.588      37.774    -116.833     898.200     150.975     489.025     24472.2   6394656.5     820.763     180.403
       50.008 0.043563664   14673.281     221.028       2.754     0.16528     0.08925     0.17323     0.07262     0.00000       1.852
       50.008     180.404      36.756    9999.990      42.382       5.625       5.626       0.000       0.000       0.000
       50.008     816.809       0.001      80.461    -657.570      -4.634    -491.154      -0.032      -0.008       0.005
       50.008      12.111     820.763     491.154   82550.102       0.470       2.409
       50.008  262031.625   10251.664       4.137       0.013     275.482
       50.008       0.000       0.000       0.000       0.000       1.000
       50.008       0.000    1877.534   24544.605
       60.006      37.522      37.708    -116.833    1075.554     156.180     588.375     29853.5   6400061.0    1012.501     180.504
       60.006 0.018859597    9666.984     226.364       3.357     0.12449     0.07046     0.13112     0.05720     0.00000       1.767
       60.006     180.504      35.714    9999.990      41.653       5.938       5.939       0.000       0.000       0.000
       60.006    1007.067       0.001     104.766    -822.063      -7.227    -591.032      -0.113      -0.008       0.004
       60.006      16.065    1012.501     591.032   57413.551       0.259       2.772
       60.006  262583.031    9281.649       4.137       0.013     276.083
       60.006       0.000       0.000       0.000       0.000       1.000
       60.006     298.143    5017.864   59015.809
       70.007      37.440      37.626    -116.833    1294.718     160.669     698.470     36274.9   6406512.5    1243.662     180.601
       70.007 0.006971566    5391.416     240.043       4.004     0.12545     0.06670     0.13196     0.05264     0.00000       1.881
       70.007     180.601      34.353    9999.990      40.604       6.250       6.252       0.000       0.000       0.000
       70.007    1236.267       0.001     135.428   -1026.685     -10.771    -701.782      -0.110      -0.007       0.003
       70.007      20.977    1243.662     701.782   33705.047       0.162       3.160
       70.007  262850.094    8311.634       4.137       0.013     276.375
       70.007       0.000       0.000       0.000       0.000       1.000
       70.007     486.762   16007.582  164149.453

ACTUAL STAGE BURN TERMINATION TIME:       79.999 SEC

THE INERTIAL VELOCITY IS:      1557.90 M/SEC

       80.009      37.338      37.523    -116.833    1557.839     164.321     824.774     43879.3   6414154.0    1516.588     180.696
       80.009 0.002300245    2645.310     261.070       4.682     0.11968     0.11225     0.13172     0.09783     0.00000       1.066
       80.009     180.696      33.129    9999.990      39.695       6.563       6.566       0.000       0.000       0.000
       80.009    1506.641       0.001     173.406   -1269.956     -15.422    -828.862      -0.226      -0.007       0.003
       80.009      27.029    1516.588     828.862   17367.861       0.090      -0.067
       80.009       0.000    7346.839       0.000       0.000       0.000
       80.009       0.000       0.000       0.000       0.000       1.000
       80.009     650.458   35069.090  419587.375
       90.001      37.225      37.411    -116.833    1504.119     164.267     732.630     51660.1   6421975.0    1461.587     180.786
       90.001 0.000840544     897.795     269.968       4.437     0.12930     0.11606     0.14226     0.09974     0.00000       1.114
       90.001     180.786      30.267    9999.990      37.145       6.875       6.878       0.000       0.000       0.000
       90.001    1451.068       0.001     175.038   -1262.234     -17.312    -736.684      -0.285      -0.006       0.003
       90.001      33.882    1461.587     736.684    6175.199       0.033      -0.023
       90.001       0.000    7346.839       0.000       0.000       0.000
       90.001       0.000       0.000       0.000       0.000       1.000
       90.001     553.163   22467.941  707046.250
      100.003      37.112      37.298    -116.833    1457.559     164.262     639.676     58522.3   6428878.5    1413.869     180.871
      100.003 0.000371677     371.493     251.082       4.451     0.13603     0.11772     0.14969     0.09977     0.00000       1.155
      100.003     180.871      27.083    9999.990      34.274       7.188       7.191       0.000       0.000       0.000
      100.003    1402.747       0.001     176.985   -1258.688     -19.136    -643.710      -0.311      -0.006       0.002
      100.003      40.569    1413.868     643.710    2671.415       0.014      -0.010
      100.003       0.000    7346.839       0.000       0.000       0.000
      100.003       0.000       0.000       0.000       0.000       1.000
      100.003     470.827   14765.549  893253.438
      110.005      37.000      37.185    -116.833    1416.932     164.275     546.479     64453.4   6434849.5    1372.194     180.952
      110.005 0.000175267     165.005     234.792       4.467     0.14270     0.11944     0.15707     0.09978     0.00000       1.195
      110.005     180.952      23.652    9999.990      31.156       7.500       7.504       0.000       0.000       0.000
      110.005    1360.443       0.001     179.198   -1256.754     -20.892    -550.499      -0.334      -0.006       0.002
      110.005      47.355    1372.194     550.499    1238.169       0.007      -0.004
      110.005       0.000    7346.839       0.000       0.000       0.000
      110.005       0.000       0.000       0.000       0.000       1.000
      110.005     392.509    9462.658 1014420.312
      120.007      36.887      37.072    -116.833    1382.090     164.291     453.216     69452.0   6439889.0    1336.405     181.025
      120.007 0.000089223      79.674     221.086       4.483     0.14933     0.12122     0.16443     0.09979     0.00000       1.232
      120.007     181.025      20.007    9999.990      27.823       7.813       7.817       0.000       0.000       0.000
      120.007    1323.987       0.001     181.754   -1255.555     -22.469    -457.224      -0.355      -0.005       0.004
      120.007      54.149    1336.404     457.224     622.782       0.003      -0.002
      120.007       0.000    7346.839       0.000       0.000       0.000
      120.007       0.000       0.000       0.000       0.000       1.000
      120.007     340.428    6832.023 1095911.125
      130.008      36.774      36.959    -116.833    1353.226     164.318     359.985     73518.1   6443995.0    1306.789     181.101
      130.008 0.000049779      42.504     211.285       4.485     0.15613     0.12322     0.17199     0.09990     0.00000       1.267
      130.008     181.101      16.173    9999.990      24.302       8.125       8.129       0.000       0.000       0.000
      130.008    1293.658       0.001     184.789   -1254.844     -24.108    -363.984      -0.372      -0.005       0.003
      130.008      60.939    1306.789     363.984     345.525       0.002      -0.001
      130.008       0.000    7346.839       0.000       0.000       0.000
      130.008       0.000       0.000       0.000       0.000       1.000
      130.008     297.377    5107.796 1155613.875
      140.002      36.662      36.846    -116.833    1330.561     164.346     266.801     76652.1   6447169.5    1283.545     181.170
      140.002 0.000031041      25.570     205.146       4.470     0.16313     0.12544     0.17978     0.10014     0.00000       1.300
      140.002     181.170      12.179    9999.990      20.621       8.438       8.442       0.000       0.000       0.000
      140.002    1269.639       0.001     188.429   -1254.394     -25.618    -270.792      -0.386      -0.005       0.003
      140.002      67.662    1283.545     270.792     215.856       0.001      -0.001
      140.002       0.000    7346.839       0.000       0.000       0.000
      140.002       0.000       0.000       0.000       0.000       1.000
      140.002     268.390    4146.889 1201861.875
      150.007      36.549      36.733    -116.833    1314.380     164.373     173.570     78856.1   6449414.0    1266.987     181.233
      150.007 0.000022064      17.709     200.831       4.460     0.17008     0.12771     0.18754     0.10034     0.00000       1.332
      150.007     181.233       8.056    9999.990      16.810       8.750       8.754       0.000       0.000       0.000
      150.007    1252.226       0.001     192.837   -1254.193     -27.003    -177.554      -0.396      -0.004       0.003
      150.007      74.431    1266.987     177.554     155.034       0.001      -0.000
      150.007       0.000    7346.839       0.000       0.000       0.000
      150.007       0.000       0.000       0.000       0.000       1.000
      150.007     246.245    3509.423 1240160.750
      160.001      36.436      36.620    -116.833    1304.921     164.400      80.470     80126.3   6450724.5    1257.377     181.291
      160.001 0.000018091      14.300     198.346       4.454     0.17694     0.13002     0.19522     0.10051     0.00000       1.361
      160.001     181.291       3.851    9999.990      12.918       9.063       9.067       0.000       0.000       0.000
      160.001    1241.666       0.001     198.147   -1254.219     -28.268     -84.448      -0.403      -0.004       0.002
      160.001      81.184    1257.377      84.448     129.661       0.001      -0.000
      160.001       0.000    7346.839       0.000       0.000       0.000
      160.001       0.000       0.000       0.000       0.000       1.000
      160.001     234.165    3194.383 1273661.375
      170.006      36.323      36.507    -116.833    1302.257     164.428     -12.704     80465.4   6451103.5    1254.802     181.344
      170.006 0.000017142      13.495     197.683       4.452     0.18373     0.13236     0.20285     0.10065     0.00000       1.388
      170.006     181.344      -0.399    9999.990       8.981       9.375       9.380       0.000       0.000       0.000
      170.006    1238.026       0.001     204.500   -1254.426     -29.427       8.729      -0.405      -0.004       0.003
      170.006      87.987    1254.802      -8.729     126.580       0.001      -0.000
      170.006       0.000    7346.839       0.000       0.000       0.000
      170.006       0.000       0.000       0.000       0.000       1.000
      170.006     231.351    3124.174 1305268.375
      180.000      36.211      36.394    -116.833    1306.430     164.455    -105.781     79873.0   6450551.5    1259.306     181.391
      180.000 0.000018822      14.924     198.841       4.455     0.19042     0.13474     0.21038     0.10076     0.00000       1.413
      180.000     181.391      -4.637    9999.990       5.055       9.688       9.692       0.000       0.000       0.000
      180.000    1241.333       0.001     212.003   -1254.814     -30.479     101.810      -0.402      -0.004       0.002
      180.000      94.734    1259.306    -101.810     144.646       0.001      -0.000
      180.000       0.000    7346.839       0.000       0.000       0.000
      180.000       0.000       0.000       0.000       0.000       1.000
      180.000     237.872    3288.763 1337315.500
      190.005      36.098      36.281    -116.833    1317.385     164.482    -198.960     78347.9   6449066.5    1270.825     181.434
      190.005 0.000023884      19.286     201.826       4.462     0.19705     0.13716     0.21788     0.10085     0.00000       1.437
      190.005     181.434      -8.826    9999.990       1.182      10.004      10.008       0.000       0.000       0.000
      190.005    1251.487       0.000     220.854   -1255.383     -31.425     194.992      -0.021      -0.003       0.001
      190.005     101.498    1270.825    -194.992     193.017       0.001      -0.001
      190.005       0.000    7346.839       0.000       0.000       0.000
      190.005       0.000       0.000       0.000       0.000       1.000
      190.005     253.865    3719.949 1372374.750
      200.009      35.985      36.168    -116.833    1334.888     164.510    -292.071     75890.2   6446648.5    1289.103     181.472
      200.009 0.000034847      28.954     206.638       4.473     0.43559     0.28607     0.50268     0.13743     0.00000       1.523
      200.009     181.472     -12.914    9999.990       5.090      18.000      18.004       0.000       0.000       0.000
      200.009    1225.981       0.000     398.443   -1256.081     -32.279     288.103      -0.362      -0.004       0.001
      200.009     108.282    1289.103    -288.103     521.294       0.004      -0.001
      200.009       0.000    7346.839       0.000       0.000       0.000
      200.009       0.000       0.000       0.000       0.000       1.000
      200.009     279.692    4504.095 1413513.500
      210.004      35.872      36.055    -116.833    1358.604     164.537    -384.911     72505.2   6443304.0    1313.776     181.506
      210.004 0.000057734      49.824     213.271       4.488     0.43552     0.28602     0.50260     0.13740     0.00000       1.523
      210.004     181.506     -16.856    9999.990       1.148      18.000      18.004       0.000       0.000       0.000
      210.004    1249.447       0.000     406.065   -1256.900     -33.042     380.944      -0.397      -0.003       0.000
      210.004     115.041    1313.776    -380.944     897.030       0.006      -0.002
      210.004       0.000    7346.839       0.000       0.000       0.000
      210.004       0.000       0.000       0.000       0.000       1.000
      210.004     313.465    5708.886 1464550.375
      220.008      35.759      35.942    -116.833    1388.163     164.564    -477.539     68188.4   6439027.5    1344.434     181.535
      220.008 0.000106299      96.068     224.549       4.475     0.43558     0.28606     0.50267     0.13743     0.00000       1.523
      220.008     181.535     -20.625    9999.990      -2.621      18.000      18.004       0.000       0.000       0.000
      220.008    1278.605       0.000     415.537   -1257.814     -33.704     473.571      -0.378      -0.003      -0.001
      220.008     121.807    1344.434    -473.571    1729.581       0.012      -0.003
      220.008       0.000    7346.839       0.000       0.000       0.000
      220.008       0.000       0.000       0.000       0.000       1.000
      220.008     360.792    7785.490 1532052.500
      230.003      35.647      35.829    -116.833    1422.868     164.577    -569.268     62953.6   6433832.5    1380.264     181.548
      230.003 0.000212608     202.521     238.908       4.455     0.43569     0.28615     0.50280     0.13748     0.00000       1.523
      230.003     181.547     -24.177    9999.990      -6.174      18.000      18.004       0.000       0.000       0.000
      230.003    1312.682       0.000     426.606   -1258.733     -34.004     565.299      -0.354      -0.004      -0.001
      230.003     128.579    1380.264    -565.299    3646.096       0.026      -0.007
      230.003       0.000    7346.839       0.000       0.000       0.000
      230.003       0.000       0.000       0.000       0.000       1.000
      230.003     419.019   11063.371 1626245.000
      240.007      35.534      35.716    -116.833    1461.630     164.591    -658.998     56803.8   6427722.5    1420.211     181.557
      240.007 0.000457063     460.945     255.808       4.429     0.43583     0.28626     0.50296     0.13754     0.00000       1.522
      240.007     181.557     -27.466    9999.990      -9.463      18.000      18.003       0.000       0.000      -0.000
      240.007    1350.676      -0.000     438.946   -1259.668     -34.245     655.028      -0.324      -0.004      -0.001
      240.007     135.345    1420.211    -655.028    8298.497       0.060      -0.016
      240.007       0.000    7346.839       0.000       0.000       0.000
      240.007       0.000       0.000       0.000       0.000       1.000
      240.007     488.604   16227.565 1762761.125
      250.002      35.421      35.603    -116.833    1502.032     164.605    -743.217     49786.0   6420744.5    1461.778     181.565
      250.002 0.001055720    1127.922     270.650       4.432     0.43580     0.28624     0.50293     0.13753     0.00000       1.523
      250.002     181.565     -30.379    9999.990     -12.376      18.000      18.003       0.000       0.000       0.000
      250.002    1390.212       0.000     451.782   -1260.605     -34.430     739.245      -0.277      -0.004      -0.000
      250.002     142.118    1461.778    -739.245   20305.729       0.146      -0.040
      250.002       0.000    7346.839       0.000       0.000       0.000
      250.002       0.000       0.000       0.000       0.000       1.000
      250.002     566.031   23898.221 1963279.875
      260.002      35.308      35.490    -116.833    1537.377     164.618    -810.929     41992.0   6412990.5    1498.080     181.567
      260.002 0.003003168    3369.903     255.856       4.672     0.43441     0.28514     0.50127     0.13693     0.00000       1.524
      260.002     181.567     -32.592    9999.990     -14.591      18.000      18.002       0.000       0.000      -0.000
      260.002    1424.746      -0.000     462.974   -1261.697     -34.525     806.954      -0.170      -0.004      -0.002
      260.002     148.885    1498.081    -806.954   60663.961       0.435      -0.119
      260.002       0.000    7346.839       0.000       0.000       0.000
      260.002       0.000       0.000       0.000       0.000       1.000
      260.002     650.346   35045.473 2258016.000
      270.002      35.196      35.377    -116.833    1542.489     164.635    -818.367     33766.5   6404804.5    1503.326     181.567
      270.002 0.010258221   11591.663     233.097       4.912     0.43296     0.28398     0.49952     0.13631     0.00000       1.525
      270.002     181.567     -32.801    9999.990     -14.803      18.000      17.998       0.000       0.000       0.000
      270.002    1429.762       0.000     464.510   -1263.158     -34.566     814.387       0.172      -0.004      -0.001
      270.002     155.640    1503.326    -814.387  208629.875       1.491      -0.407
      270.002       0.000    7346.839       0.000       0.000       0.000
      270.002       0.000       0.000       0.000       0.000       1.000
      270.002     712.781   45512.941 2660798.250
      280.002      35.083      35.264    -116.833    1443.562     164.464    -637.364     26265.9   6397343.5    1401.547     181.572
      280.002 0.032942809   32355.137     222.808       4.684     0.43399     0.28479     0.50073     0.13684     0.00000       1.524
      280.002     181.572     -26.869    9999.990      -8.881      17.998      17.987       0.000       0.000       0.000
      280.002    1333.045       0.000     432.810   -1249.770     -34.307     633.428       0.936      -0.004      -0.001
      280.002     162.414    1401.547    -633.428  581986.250       4.175      -1.141
      280.002       0.000    7346.839       0.000       0.000       0.000
      280.002       0.000       0.000       0.000       0.000       0.000
      280.002     655.031   35687.789 3066792.000
      290.002      34.974      35.155    -116.833    1267.395     163.391    -338.089     21489.7   6392605.0    1218.709     181.591
      290.002 0.070021801   51999.703     218.067       4.117     0.20263     0.14069     0.22398     0.10337     0.00000       1.440
      290.002     181.591     -15.926    9999.990      -5.934      10.000       9.992       0.000       0.000       0.000
      290.002    1200.224       0.000     211.456   -1171.481     -32.547     334.402       0.152      -0.003       0.002
      290.002     168.928    1218.709    -334.402  519574.188       3.003      -1.386
      290.002       0.000    7346.839       0.000       0.000       0.000
      290.002       0.000       0.000       0.000       0.000       0.000
      290.002     498.099   16905.707 3329753.250
      300.001      34.875      35.056    -116.833    1095.679     161.106    -111.377     19242.1   6390393.0    1037.649     181.624
      300.001 0.100235447   53962.234     216.650       3.517     0.21241     0.14687     0.23467     0.10779     0.00000       1.446
      300.001     181.624      -5.982    9999.990       4.008      10.000       9.989       0.000       0.000       0.000
      300.001    1021.919       0.000     179.996   -1031.585     -29.240     108.133       1.066      -0.004       0.001
      300.001     174.891    1037.649    -108.133  539047.000       3.266      -1.500
      300.001       0.000    7346.839       0.000       0.000       0.000
      300.001       0.000       0.000       0.000       0.000       0.000
      300.001     268.906    3973.739 3434147.750
      310.001      34.791      34.971    -116.833     926.922     157.211      71.818     19082.8   6390263.0     855.413     181.669
      310.001 0.102766261   37598.453     216.650       2.899     0.28229     0.17390     0.30817     0.12230     0.00000       1.623
      310.001     181.669       4.996    9999.990      14.984      10.000       9.989       0.000       0.000       0.000
      310.001     842.447       0.000     148.372    -851.802     -24.820     -74.493       1.149      -0.004       0.002
      310.001     179.957     855.413      74.493  375552.531       2.990      -1.187
      310.001       0.000    7346.839       0.000       0.000       0.000
      310.001       0.000       0.000       0.000       0.000       0.000
      310.001       0.000    1872.815 3463380.000
      320.001      34.723      34.903    -116.833     789.802     151.832     181.281     20429.2   6391633.5     701.921     181.729
      320.001 0.083053678   20459.842     217.014       2.377     0.36890     0.20628     0.39910     0.13915     0.00000       1.788
      320.001     181.729      15.147    9999.990      25.139      10.000       9.992       0.000       0.000       0.000
      320.001     691.274       0.000     121.792    -677.227     -20.439    -183.406       0.792      -0.005       0.003
      320.001     184.062     701.921     183.406  204436.406       2.107      -0.735
      320.001       0.000    7346.839       0.000       0.000       0.000
      320.001       0.000       0.000       0.000       0.000       0.000
      320.001       0.000     578.643 3475636.750
      330.001      34.668      34.848    -116.833     693.949     146.486     202.964     22406.2   6393629.5     589.772     181.798
      330.001 0.060640093   10546.201     218.978       1.988     0.43356     0.23046     0.46699     0.15169     0.00000       1.881
      330.001     181.798      20.309    9999.990      30.306      10.000       9.998       0.000       0.000       0.000
      330.001     580.817       0.000     102.389    -552.838     -17.351    -204.697       0.237      -0.005       0.003
      330.001     187.352     589.772     204.697  105437.047       1.271      -0.413
      330.001       0.000    7346.839       0.000       0.000       0.000
      330.001       0.000       0.000       0.000       0.000       0.000
      330.001       0.000     517.708 3481118.500
      340.001      34.622      34.802    -116.833     627.468     142.311     174.442     24319.6   6395558.5     508.298     181.870
      340.001 0.044654723    5768.605     220.877       1.706     0.48054     0.24804     0.51632     0.16080     0.00000       1.937
      340.001     181.870      20.251    9999.990      30.253      10.000      10.002       0.000       0.000       0.000
      340.001     500.572       0.000      88.286    -476.625     -15.558    -175.935      -0.239      -0.005       0.003
      340.001     190.099     508.298     175.935   57699.809       0.769      -0.239
      340.001       0.000    7346.839       0.000       0.000       0.000
      340.001       0.000       0.000       0.000       0.000       0.000
      340.001       0.000     254.059 3484977.250
      350.000      34.582      34.762    -116.833     581.432     139.434     122.377     25815.1   6397068.5     449.194     181.938
      350.000 0.035355125    3566.871     222.361       1.503     0.51127     0.25371     0.54758     0.16101     0.00000       2.015
      350.000     181.938      15.988    9999.990      25.994      10.000      10.006       0.000       0.000       0.000
      350.000     442.361       0.000      78.048    -431.571     -14.601    -123.727      -0.604      -0.005       0.003
      350.000     192.511     449.194     123.727   35690.270       0.504      -0.148
      350.000       0.000    7346.839       0.000       0.000       0.000
      350.000       0.000       0.000       0.000       0.000       0.000
      350.000       0.000     241.659 3487456.000
      360.000      34.544      34.724    -116.833     551.568     137.521      59.906     26731.1   6397997.5     409.132     181.998
      360.000 0.030616276    2562.396     223.269       1.366     0.53189     0.25738     0.56853     0.16102     0.00000       2.067
      360.000     181.998       8.599    9999.990      18.607      10.000      10.009       0.000       0.000       0.000
      360.000     402.905       0.000      71.106    -404.287     -14.106     -61.170      -0.863      -0.004       0.001
      360.000     194.759     409.132      61.170   25646.070       0.376      -0.106
      360.000       0.000    7346.839       0.000       0.000       0.000
      360.000       0.000       0.000       0.000       0.000       0.000
      360.000       0.000     184.330 3489586.000
      370.010      34.509      34.689    -116.833     535.905     136.241      -6.336     27000.5   6398279.5     387.322     182.048
      370.010 0.029340759    2200.815     223.536       1.292     0.54299     0.25935     0.57980     0.16103     0.00000       2.094
      370.010     182.048      -0.758    9999.990       9.252      10.000      10.010       0.000       0.000       0.000
      370.010     381.426       0.000      67.324    -387.041     -13.839       5.126      -0.990      -0.004       0.002
      370.010     196.867     387.322      -5.126   22029.936       0.329      -0.091
      370.010       0.000    7346.839       0.000       0.000       0.000
      370.010       0.000       0.000       0.000       0.000       0.000
      370.010       0.000     176.311 3491391.000
      380.010      34.475      34.655    -116.833     532.814     135.390     -71.486     26609.4   6397900.0     382.757     182.086
      380.010 0.031209620    2286.143     223.148       1.278     0.54509     0.25972     0.58194     0.16102     0.00000       2.099
      380.010     182.086     -10.585    9999.990      -0.575      10.000      10.010       0.000       0.000       0.000
      380.010     376.931       0.000      66.528    -375.995     -13.693      70.311      -0.957      -0.003       0.002
      380.010     198.907     382.757     -70.311   22883.305       0.343      -0.095
      380.010       0.000    7346.839       0.000       0.000       0.000
      380.010       0.000       0.000       0.000       0.000       0.000
      380.010       0.000     172.212 3493133.500
      390.009      34.441      34.621    -116.833     539.519     134.882    -130.849     25591.7   6396894.5     391.885     182.112
      390.009 0.036610890    2811.222     222.139       1.312     0.54000     0.25880     0.57676     0.16102     0.00000       2.087
      390.009     182.112     -19.326    9999.990      -9.319      10.000      10.008       0.000       0.000       0.000
      390.009     385.922       0.000      68.103    -369.550     -13.631     129.695      -0.779      -0.003       0.001
      390.009     200.953     391.885    -129.695   28134.100       0.418      -0.117
      390.009       0.000    7346.839       0.000       0.000       0.000
      390.009       0.000       0.000       0.000       0.000       0.000
      390.009       0.000     180.776 3494898.250
      400.009      34.407      34.587    -116.833     551.526     134.722    -178.336     24034.1   6395348.5     408.229     182.129
      400.009 0.046763204    3896.536     220.594       1.371     0.53096     0.25717     0.56757     0.16101     0.00000       2.065
      400.009     182.129     -25.724    9999.990     -15.719      10.000      10.005       0.000       0.000       0.000
      400.009     402.021       0.000      70.923    -367.516     -13.662     177.188      -0.494      -0.003       0.000
      400.009     203.008     408.229    -177.188   38984.590       0.570      -0.162
      400.009       0.000    7346.839       0.000       0.000       0.000
      400.009       0.000       0.000       0.000       0.000       0.000
      400.009       0.000     194.080 3496772.750
      410.009      34.373      34.552    -116.833     562.341     134.925    -205.304     22096.4   6393422.5     422.829     182.138
      410.009 0.063673876    5691.905     218.670       1.426     0.52251     0.25563     0.55897     0.16100     0.00000       2.044
      410.009     182.138     -28.869    9999.990     -18.868      10.000      10.001       0.000       0.000       0.000
      410.009     416.403       0.000      73.433    -370.022     -13.816     204.148      -0.134      -0.004      -0.002
      410.009     205.055     422.829    -204.148   56926.672       0.820      -0.236
      410.009       0.000    7346.839       0.000       0.000       0.000
      410.009       0.000       0.000       0.000       0.000       0.000
      410.009       0.000     204.601 3498766.250
      420.009      34.339      34.518    -116.833     564.562     135.338    -202.391     20031.4   6391369.5     425.967     182.145
      420.009 0.088494234    8028.493     216.650       1.444     0.51971     0.25509     0.55611     0.16100     0.00000       2.037
      420.009     182.145     -28.189    9999.990     -18.192      10.000       9.997       0.000       0.000       0.000
      420.009     419.499       0.000      73.949    -375.181     -14.055     201.220       0.266      -0.003      -0.002
      420.009     207.095     425.967    -201.220   80263.555       1.151      -0.333
      420.009       0.000    7346.839       0.000       0.000       0.000
      420.009       0.000       0.000       0.000       0.000       0.000
      420.009       0.000     200.314 3500790.750
      430.008      34.305      34.484    -116.833     552.933     135.385    -165.806     18166.3   6389516.5     410.475     182.156
      430.008 0.118626803    9993.632     216.650       1.391     0.52736     0.25640     0.56386     0.16099     0.00000       2.057
      430.008     182.156     -23.646    9999.990     -13.652      10.000       9.994       0.000       0.000       0.000
      430.008     404.246       0.000      71.235    -375.746     -14.148     164.633       0.616      -0.004      -0.000
      430.008     209.147     410.475    -164.633   99874.734       1.453      -0.415
      430.008       0.000    7346.839       0.000       0.000       0.000
      430.008       0.000       0.000       0.000       0.000       0.000
      430.008       0.000     180.561 3502695.250
      440.008      34.271      34.450    -116.833     528.636     134.195    -107.658     16791.6   6388153.5     376.594     182.176
      440.008 0.147668824   10471.351     216.650       1.276     0.54444     0.25939     0.58119     0.16099     0.00000       2.099
      440.008     182.176     -16.432    9999.990      -6.440      10.000       9.992       0.000       0.000       0.000
      440.008     370.881       0.000      65.345    -360.951     -13.715     106.531       0.773      -0.003       0.001
      440.008     211.195     376.594    -106.531  104632.531       1.570      -0.435
      440.008       0.000    7346.839       0.000       0.000       0.000
      440.008       0.000       0.000       0.000       0.000       0.000
      440.008       0.000     145.905 3504327.500
      450.008      34.240      34.419    -116.833     499.102     131.372     -54.073     15998.2   6387370.5     332.511     182.205
      450.008 0.167039186    9234.194     216.650       1.127     0.56688     0.26337     0.60398     0.16099     0.00000       2.152
      450.008     182.205      -9.180    9999.990       0.813      10.000       9.994       0.000       0.000       0.000
      450.008     327.466       0.000      57.704    -328.009     -12.628      53.050       0.624      -0.003       0.002
      450.008     213.031     332.511     -53.050   92284.312       1.439      -0.383
      450.008       0.000    7346.839       0.000       0.000       0.000
      450.008       0.000       0.000       0.000       0.000       0.000
      450.008       0.000     115.951 3505637.000
      460.008      34.212      34.391    -116.833     473.127     127.703     -25.188     15626.4   6387008.5     290.204     182.242
      460.008 0.176832289    7446.223     216.650       0.984     0.57672     0.24478     0.61046     0.14094     0.00000       2.356
      460.008     182.242      -4.801    9999.990       5.197      10.000       9.998       0.000       0.000       0.000
      460.008     285.797       0.000      50.382    -288.965     -11.313      24.287       0.228      -0.004       0.001
      460.008     214.690     290.204     -24.287   74445.312       1.173      -0.271
      460.008       0.000    7346.839       0.000       0.000       0.000
      460.008       0.000       0.000       0.000       0.000       0.000
      460.008       0.000     115.951 3505637.000
      470.007      34.188      34.367    -116.833     455.032     124.411     -21.327     15410.9   6386801.0     257.908     182.281
      470.007 0.182725728    6077.120     216.650       0.874     0.58140     0.22926     0.61238     0.12480     0.00000       2.536
      470.007     182.281      -4.565    9999.990       5.437      10.000      10.002       0.000       0.000       0.000
      470.007     253.989       0.000      44.793    -256.887     -10.230      20.526      -0.173      -0.003       0.002
      470.007     216.151     257.908     -20.526   60781.715       0.960      -0.196
      470.007       0.000    7346.839       0.000       0.000       0.000
      470.007       0.000       0.000       0.000       0.000       0.000
      470.007       0.000     115.951 3505637.000
      480.007      34.166      34.345    -116.833     443.584     121.826     -32.905     15149.0   6386547.0     235.704     182.317
      480.007 0.190451190    5290.354     216.650       0.799     0.58152     0.22932     0.61252     0.12480     0.00000       2.536
      480.007     182.317      -7.846    9999.990       2.158      10.000      10.005       0.000       0.000       0.000
      480.007     232.120       0.000      40.948    -233.306      -9.439      32.177      -0.455      -0.003       0.003
      480.007     217.447     235.704     -32.177   52927.641       0.836      -0.170
      480.007       0.000    7346.839       0.000       0.000       0.000
      480.007       0.000       0.000       0.000       0.000       0.000
      480.007       0.000     115.951 3505637.000
      490.007      34.146      34.325    -116.833     437.784     120.051     -50.489     14733.8   6386139.0     223.607     182.348
      490.007 0.203837335    5095.927     216.650       0.758     0.58155     0.22933     0.61255     0.12480     0.00000       2.536
      490.007     182.348     -12.871    9999.990      -2.866      10.000      10.005       0.000       0.000       0.000
      490.007     220.207       0.000      38.849    -217.806      -8.930      49.811      -0.514      -0.003       0.002
      490.007     218.683     223.607     -49.811   50985.469       0.805      -0.164
      490.007       0.000    7346.839       0.000       0.000       0.000
      490.007       0.000       0.000       0.000       0.000       0.000
      490.007       0.000     115.951 3505637.000
      500.007      34.125      34.304    -116.833     435.895     119.035     -66.080     14146.8   6385559.0     219.331     182.374
      500.007 0.224020779    5388.340     216.650       0.743     0.58148     0.22930     0.61247     0.12480     0.00000       2.536
      500.007     182.374     -17.356    9999.990      -7.352      10.000      10.004       0.000       0.000       0.000
      500.007     215.996       0.000      38.100    -209.165      -8.670      65.428      -0.360      -0.004      -0.001
      500.007     219.906     219.331     -65.428   53902.812       0.851      -0.173
      500.007       0.000    7346.839       0.000       0.000       0.000
      500.007       0.000       0.000       0.000       0.000       0.000
      500.007       0.000     115.951 3505637.000
      510.006      34.108      34.287    -116.833     435.413     118.561     -74.176     13439.1   6384857.0     218.129     182.391
      510.006 0.250392973    5956.820     216.650       0.739     0.58137     0.22925     0.61235     0.12480     0.00000       2.536
      510.006     182.391     -19.702    9999.990      -9.701      10.000      10.001       0.000       0.000       0.000
      510.006     214.814       0.000      37.882    -205.180      -8.567      73.537      -0.109      -0.003      -0.001
      510.006     220.924     218.129     -73.537   59574.719       0.941      -0.192
      510.006       0.000    7346.839       0.000       0.000       0.000
      510.006       0.000       0.000       0.000       0.000       0.000
      510.006       0.000     115.951 3505637.000
      520.006      34.091      34.270    -116.833     434.095     118.256     -73.026     12697.1   6384121.5     215.341     182.408
      520.006 0.280555099    6504.889     216.650       0.730     0.58127     0.22921     0.61224     0.12480     0.00000       2.536
      520.006     182.408     -19.645    9999.990      -9.646      10.000       9.999       0.000       0.000       0.000
      520.006     212.070       0.000      37.390    -202.628      -8.519      72.395       0.101      -0.003       0.001
      520.006     221.953     215.341     -72.395   65042.305       1.027      -0.209
      520.006       0.000    7346.839       0.000       0.000       0.000
      520.006       0.000       0.000       0.000       0.000       0.000
      520.006       0.000     115.951 3505637.000
      530.006      34.074      34.253    -116.833     430.953     117.719     -65.310     12003.0   6383433.0     208.638     182.425
      530.006 0.310907215    6766.856     216.650       0.707     0.58122     0.22919     0.61219     0.12480     0.00000       2.536
      530.006     182.425     -18.064    9999.990      -8.065      10.000       9.998       0.000       0.000       0.000
      530.006     205.470       0.000      36.223    -198.178      -8.394      64.693       0.186      -0.003       0.000
      530.006     222.981     208.638     -64.693   67655.977       1.068      -0.218
      530.006       0.000    7346.839       0.000       0.000       0.000
      530.006       0.000       0.000       0.000       0.000       0.000
      530.006       0.000     115.951 3505637.000
      540.006      34.057      34.236    -116.833     426.468     116.768     -56.522     11395.9   6382832.0     198.627     182.446
      540.006 0.338848621    6684.191     216.650       0.673     0.58125     0.22920     0.61222     0.12480     0.00000       2.536
      540.006     182.446     -16.354    9999.990      -6.356      10.000       9.999       0.000       0.000       0.000
      540.006     195.610       0.000      34.487    -190.416      -8.133      55.929       0.135      -0.004       0.003
      540.006     223.994     198.627     -55.929   66832.922       1.055      -0.215
      540.006       0.000    7346.839       0.000       0.000       0.000
      540.006       0.000       0.000       0.000       0.000       0.000
      540.006       0.000     115.951 3505637.000
      550.005      34.040      34.219    -116.833     421.802     115.537     -50.933     10862.6   6382305.0     187.590     182.469
      550.005 0.364921987    6420.801     217.664       0.634     0.58132     0.22923     0.61229     0.12480     0.00000       2.536
      550.005     182.469     -15.576    9999.990      -5.576      10.000      10.000       0.000       0.000       0.000
      550.005     184.741       0.000      32.574    -180.534      -7.784      50.371       0.013      -0.003      -0.000
      550.005     225.019     187.590     -50.371   64207.188       1.014      -0.207
      550.005       0.000    7346.839       0.000       0.000       0.000
      550.005       0.000       0.000       0.000       0.000       0.000
      550.005       0.000     115.951 3505637.000
      560.005      34.023      34.202    -116.833     417.924     114.299     -49.592     10363.2   6381811.0     177.846     182.493
      560.005 0.390667677    6178.189     220.899       0.597     0.58137     0.22925     0.61235     0.12480     0.00000       2.536
      560.005     182.493     -16.013    9999.990      -6.012      10.000      10.001       0.000       0.000      -0.000
      560.005     175.143      -0.000      30.885    -170.783      -7.435      49.060      -0.095      -0.003       0.001
      560.005     226.039     177.846     -49.060   61787.746       0.976      -0.199
      560.005       0.000    7346.839       0.000       0.000       0.000
      560.005       0.000       0.000       0.000       0.000       0.000
      560.005       0.000     115.951 3505637.000
      570.005      34.010      34.188    -116.833     415.175     113.265     -50.919      9862.8   6381315.5     170.552     182.512
      570.005 0.417783767    6076.181     224.141       0.568     0.58138     0.22925     0.61236     0.12480     0.00000       2.536
      570.005     182.512     -17.193    9999.990      -7.191      10.000      10.001       0.000       0.000      -0.000
      570.005     167.960      -0.000      29.620    -162.774      -7.141      50.412      -0.130      -0.003       0.000
      570.005     226.855     170.552     -50.412   60769.688       0.960      -0.196
      570.005       0.000    7346.839       0.000       0.000       0.000
      570.005       0.000       0.000       0.000       0.000       0.000
      570.005       0.000     115.951 3505637.000
      580.005      33.996      34.175    -116.833     413.311     112.491     -52.529      9345.7   6380803.0     165.403     182.530
      580.005 0.447218776    6117.519     227.492       0.547     0.58137     0.22925     0.61234     0.12480     0.00000       2.536
      580.005     182.530     -18.338    9999.990      -8.337      10.000      10.001       0.000       0.000       0.000
      580.005     162.890       0.000      28.725    -156.850      -6.931      52.041      -0.093      -0.004      -0.000
      580.005     227.675     165.403     -52.041   61180.863       0.966      -0.197
      580.005       0.000    7346.839       0.000       0.000       0.000
      580.005       0.000       0.000       0.000       0.000       0.000
      580.005       0.000     115.951 3505637.000
      590.004      33.982      34.161    -116.833     411.847     111.901     -52.882      8818.1   6380280.5     161.276     182.548
      590.004 0.477253288    6206.632     230.912       0.529     0.58134     0.22924     0.61232     0.12480     0.00000       2.536
      590.004     182.548     -18.963    9999.990      -8.963      10.000      10.000       0.000       0.000       0.000
      590.004     158.826       0.000      28.006    -152.373      -6.780      52.408      -0.037      -0.004      -0.000
      590.004     228.504     161.276     -52.408   62068.637       0.980      -0.200
      590.004       0.000    7346.839       0.000       0.000       0.000
      590.004       0.000       0.000       0.000       0.000       0.000
      590.004       0.000     115.951 3505637.000
      600.004      33.969      34.147    -116.833     410.440     111.383     -51.921      8293.6   6379760.5     157.273     182.567
      600.004 0.507791758    6279.992     234.312       0.513     0.58132     0.22923     0.61230     0.12480     0.00000       2.536
      600.004     182.567     -19.099    9999.990      -9.099      10.000      10.000       0.000       0.000      -0.000
      600.004     154.883      -0.000      27.310    -148.466      -6.656      51.459       0.003      -0.003      -0.001
      600.004     229.315     157.273     -51.459   62799.730       0.992      -0.202
      600.004       0.000    7346.839       0.000       0.000       0.000
      600.004       0.000       0.000       0.000       0.000       0.000
      600.004       0.000     115.951 3505637.000
      610.004      33.955      34.134    -116.833     408.954     110.852     -50.185      7783.1   6379254.5     152.948     182.586
      610.004 0.539000869    6304.411     237.622       0.495     0.58132     0.22923     0.61229     0.12480     0.00000       2.536
      610.004     182.586     -18.977    9999.990      -8.977      10.000      10.000       0.000       0.000      -0.000
      610.004     150.624      -0.000      26.559    -144.488      -6.526      49.736       0.013      -0.004       0.001
      610.004     230.135     152.948     -49.736   63043.250       0.996      -0.203
      610.004       0.000    7346.839       0.000       0.000       0.000
      610.004       0.000       0.000       0.000       0.000       0.000
      610.004       0.000     115.951 3505637.000
      620.004      33.941      34.120    -116.833     407.449     110.287     -48.471      7290.2   6378766.5     148.421     182.604
      620.004 0.570561230    6284.324     240.818       0.477     0.58133     0.22923     0.61230     0.12480     0.00000       2.536
      620.004     182.604     -18.883    9999.990      -8.883      10.000      10.000       0.000       0.000       0.000
      620.004     146.166       0.000      25.773    -140.288      -6.381      48.035       0.000      -0.004       0.000
      620.004     230.956     148.421     -48.035   62843.215       0.992      -0.202
      620.004       0.000    7346.839       0.000       0.000       0.000
      620.004       0.000       0.000       0.000       0.000       0.000
      620.004       0.000     115.951 3505637.000
      630.003      33.928      34.106    -116.833     406.047     109.719     -47.234      6812.2   6378293.0     144.051     182.624
      630.003 0.602558136    6251.713     243.918       0.460     0.58133     0.22923     0.61231     0.12480     0.00000       2.536
      630.003     182.624     -18.963    9999.990      -8.963      10.000      10.000       0.000       0.000      -0.000
      630.003     141.862      -0.000      25.015    -136.090      -6.236      46.810      -0.017      -0.004       0.002
      630.003     231.773     144.051     -46.810   62518.211       0.987      -0.201
      630.003       0.000    7346.839       0.000       0.000       0.000
      630.003       0.000       0.000       0.000       0.000       0.000
      630.003       0.000     115.951 3505637.000
      640.003      33.915      34.093    -116.833     404.819     109.186     -46.424      6344.3   6377829.5     140.091     182.642
      640.003 0.635226429    6233.293     246.953       0.445     0.58134     0.22923     0.61231     0.12480     0.00000       2.536
      640.003     182.642     -19.175    9999.990      -9.174      10.000      10.000       0.000       0.000      -0.000
      640.003     137.963      -0.000      24.327    -132.179      -6.098      46.013      -0.025      -0.004       0.004
      640.003     232.551     140.091     -46.013   62334.473       0.984      -0.201
      640.003       0.000    7346.839       0.000       0.000       0.000
      640.003       0.000       0.000       0.000       0.000       0.000
      640.003       0.000     115.951 3505637.000
      650.003      33.905      34.083    -116.833     403.753     108.705     -45.753      5884.4   6377373.0     136.552     182.655
      650.003 0.668556869    6233.062     249.937       0.431     0.58134     0.22923     0.61231     0.12480     0.00000       2.536
      650.003     182.655     -19.398    9999.990      -9.398      10.000      10.000       0.000       0.000      -0.000
      650.003     134.477      -0.000      23.712    -128.662      -5.965      45.353      -0.021      -0.004      -0.001
      650.003     233.160     136.552     -45.353   62331.906       0.984      -0.201
      650.003       0.000    7346.839       0.000       0.000       0.000
      650.003       0.000       0.000       0.000       0.000       0.000
      650.003       0.000     115.951 3505637.000
      660.003      33.894      34.073    -116.833     402.797     108.266     -45.006      5431.4   6376924.0     133.299     182.668
      660.003 0.702594578    6242.021     252.876       0.418     0.58133     0.22923     0.61231     0.12480     0.00000       2.536
      660.003     182.668     -19.554    9999.990      -9.554      10.000      10.000       0.000       0.000      -0.000
      660.003     131.274      -0.000      23.147    -125.475      -5.846      44.616      -0.013      -0.004       0.004
      660.003     233.774     133.299     -44.616   62420.980       0.986      -0.201
      660.003       0.000    7346.839       0.000       0.000       0.000
      660.003       0.000       0.000       0.000       0.000       0.000
      660.003       0.000     115.951 3505637.000
      670.002      33.884      34.062    -116.833     401.903     107.853     -44.131      4986.3   6376482.5     130.186     182.680
      670.002 0.737351835    6248.454     255.764       0.406     0.58133     0.22923     0.61230     0.12480     0.00000       2.536
      670.002     182.680     -19.637    9999.990      -9.637      10.000      10.000       0.000       0.000       0.000
      670.002     128.208       0.000      22.607    -122.481      -5.734      43.750      -0.007      -0.004       0.000
      670.002     234.392     130.186     -43.750   62484.938       0.987      -0.201
      670.002       0.000    7346.839       0.000       0.000       0.000
      670.002       0.000       0.000       0.000       0.000       0.000
      670.002       0.000     115.951 3505637.000
      680.002      33.874      34.052    -116.833     401.055     107.453     -43.221      4550.3   6376049.5     127.167     182.695
      680.002 0.772714019    6247.926     258.594       0.394     0.58133     0.22923     0.61230     0.12480     0.00000       2.536
      680.002     182.695     -19.691    9999.990      -9.691      10.000      10.000       0.000       0.000       0.000
      680.002     125.235       0.000      22.082    -119.598      -5.629      42.849      -0.006      -0.003      -0.002
      680.002     235.006     127.167     -42.849   62479.695       0.987      -0.201
      680.002       0.000    7346.839       0.000       0.000       0.000
      680.002       0.000       0.000       0.000       0.000       0.000
      680.002       0.000     115.951 3505637.000
      690.002      33.864      34.042    -116.833     400.264     107.066     -42.371      4122.9   6375626.0     124.263     182.708
      690.002 0.808643460    6243.185     261.368       0.383     0.58133     0.22923     0.61230     0.12480     0.00000       2.536
      690.002     182.708     -19.759    9999.990      -9.759      10.000      10.000       0.000       0.000      -0.000
      690.002     122.375      -0.000      21.578    -116.816      -5.525      42.008      -0.009      -0.004       0.003
      690.002     235.620     124.263     -42.008   62432.406       0.986      -0.201
      690.002       0.000    7346.839       0.000       0.000       0.000
      690.002       0.000       0.000       0.000       0.000       0.000
      690.002       0.000     115.951 3505637.000
      700.002      33.853      34.032    -116.833     399.534     106.696     -41.603      3703.6   6375210.5     121.514     182.722
      700.002 0.845155120    6239.582     264.091       0.373     0.58133     0.22923     0.61230     0.12480     0.00000       2.536
      700.002     182.722     -19.843    9999.990      -9.843      10.000      10.000       0.000       0.000      -0.000
      700.002     119.668      -0.000      21.101    -114.170      -5.427      41.248      -0.010      -0.003      -0.001
      700.002     236.237     121.514     -41.248   62396.438       0.985      -0.201
      700.002       0.000    7346.839       0.000       0.000       0.000
      700.002       0.000       0.000       0.000       0.000       0.000
      700.002       0.000     115.951 3505637.000
      710.001      33.843      34.021    -116.833     398.861     106.346     -40.881      3291.5   6374802.0     118.921     182.736
      710.001 0.882261276    6238.545     266.766       0.363     0.58133     0.22923     0.61230     0.12480     0.00000       2.536
      710.001     182.736     -19.928    9999.990      -9.928      10.000      10.000       0.000       0.000       0.000
      710.001     117.115       0.000      20.651    -111.673      -5.337      40.534      -0.009      -0.004      -0.002
      710.001     236.848     118.921     -40.534   62386.004       0.985      -0.201
      710.001       0.000    7346.839       0.000       0.000       0.000
      710.001       0.000       0.000       0.000       0.000       0.000
      710.001       0.000     115.951 3505637.000
      720.001      33.833      34.011    -116.833     398.239     106.014     -40.175      2886.6   6374400.0     116.460     182.750
      720.001 0.919905245    6238.247     269.396       0.354     0.58133     0.22923     0.61230     0.12480     0.00000       2.536
      720.001     182.750     -20.002    9999.990     -10.002      10.000      10.000       0.000       0.000       0.000
      720.001     114.690       0.000      20.223    -109.309      -5.251      39.835      -0.007      -0.003      -0.003
      720.001     237.452     116.460     -39.835   62382.918       0.985      -0.201
      720.001       0.000    7346.839       0.000       0.000       0.000
      720.001       0.000       0.000       0.000       0.000       0.000
      720.001       0.000     115.951 3505637.000
      730.001      33.823      34.001    -116.833     397.658     105.697     -39.483      2488.5   6374005.5     114.115     182.765
      730.001 0.958052576    6237.940     271.981       0.345     0.58133     0.22923     0.61230     0.12480     0.00000       2.536
      730.001     182.765     -20.065    9999.990     -10.064      10.000      10.000       0.000       0.000       0.000
      730.001     112.381       0.000      19.816    -107.064      -5.172      39.150      -0.006      -0.004      -0.002
      730.001     238.067     114.115     -39.150   62379.828       0.985      -0.201
      730.001       0.000    7346.839       0.000       0.000       0.000
      730.001       0.000       0.000       0.000       0.000       0.000
      730.001       0.000     115.951 3505637.000
      740.001      33.813      33.991    -116.833     397.117     105.394     -38.810      2097.2   6373618.0     111.871     182.779
      740.001 0.996742368    6237.104     274.523       0.337     0.58133     0.22923     0.61230     0.12480     0.00000       2.536
      740.001     182.779     -20.121    9999.990     -10.121      10.000      10.000       0.000       0.000      -0.000
      740.001     110.171      -0.000      19.426    -104.919      -5.093      38.484      -0.006      -0.003       0.002
      740.001     238.694     111.871     -38.484   62371.410       0.985      -0.201
      740.001       0.000    7346.839       0.000       0.000       0.000
      740.001       0.000       0.000       0.000       0.000       0.000
      740.001       0.000     115.951 3505637.000
      750.000      33.802      33.980    -116.833     396.611     105.104     -38.161      1712.4   6373237.0     109.726     182.794
      750.000 1.035954833    6236.255     277.022       0.329     0.58133     0.22923     0.61230     0.12480     0.00000       2.536
      750.000     182.794     -20.174    9999.990     -10.174      10.000      10.000       0.000       0.000      -0.000
      750.000     108.059      -0.000      19.054    -102.871      -5.021      37.841      -0.006      -0.003      -0.002
      750.000     239.309     109.726     -37.841   62362.953       0.985      -0.201
      750.000       0.000    7346.839       0.000       0.000       0.000
      750.000       0.000       0.000       0.000       0.000       0.000
      750.000       0.000     115.951 3505637.000
      760.000      33.792      33.970    -116.833     396.138     104.825     -37.538      1334.0   6372861.5     107.674     182.809
      760.000 1.075675368    6235.528     279.481       0.321     0.58133     0.22923     0.61230     0.12480     0.00000       2.536
      760.000     182.809     -20.226    9999.990     -10.226      10.000      10.000       0.000       0.000      -0.000
      760.000     106.039      -0.000      18.698    -100.914      -4.952      37.225      -0.006      -0.003       0.002
      760.000     239.924     107.674     -37.225   62355.629       0.985      -0.201
      760.000       0.000    7346.839       0.000       0.000       0.000
      760.000       0.000       0.000       0.000       0.000       0.000
      760.000       0.000     115.951 3505637.000
      770.000      33.782      33.960    -116.833     395.695     104.559     -36.938       961.5   6372492.5     105.710     182.825
      770.000 1.115890265    6234.805     281.901       0.314     0.58133     0.22923     0.61230     0.12480     0.00000       2.536
      770.000     182.825     -20.275    9999.990     -10.274      10.000      10.000       0.000       0.000      -0.000
      770.000     104.104      -0.000      18.356     -99.040      -4.887      36.631      -0.005      -0.003      -0.000
      770.000     240.526     105.710     -36.631   62348.371       0.985      -0.201
      770.000       0.000    7346.839       0.000       0.000       0.000
      770.000       0.000       0.000       0.000       0.000       0.000
      770.000       0.000     115.951 3505637.000
      780.010      33.772      33.950    -116.833     395.278     104.303     -36.356       594.6   6372129.5     103.826     182.842
      780.010 1.156624436    6234.083     284.286       0.307     0.58133     0.22923     0.61230     0.12480     0.00000       2.536
      780.010     182.842     -20.320    9999.990     -10.320      10.000      10.000       0.000       0.000      -0.000
      780.010     102.249      -0.000      18.029     -97.245      -4.827      36.054      -0.005      -0.004       0.004
      780.010     241.156     103.826     -36.054   62341.172       0.984      -0.201
      780.010       0.000    7346.839       0.000       0.000       0.000
      780.010       0.000       0.000       0.000       0.000       0.000
      780.010       0.000     115.951 3505637.000
      790.010      33.761      33.939    -116.833     394.892     104.058     -35.795       233.7   6371772.0     102.023     182.856
      790.010 1.197779775    6233.667     286.631       0.301     0.58133     0.22923     0.61230     0.12480     0.00000       2.536
      790.010     182.856     -20.362    9999.990     -10.362      10.000      10.000       0.000       0.000       0.000
      790.010     100.473       0.000      17.716     -95.530      -4.765      35.499      -0.004      -0.004       0.002
      790.010     241.764     102.023     -35.499   62336.961       0.984      -0.201
      790.010       0.000    7346.839       0.000       0.000       0.000
      790.010       0.000       0.000       0.000       0.000       0.000
      790.010       0.000     115.951 3505637.000
      796.576      33.756      33.934    -116.833     394.649     103.902     -35.438        -0.0   6371540.5     100.878     182.864
      796.576 1.225006342    6233.025     288.150       0.296     0.58133     0.22923     0.61230     0.12480     0.00000       2.536
      796.576     182.864     -20.389    9999.990     -10.389      10.000      10.000       0.000       0.000       0.000
      796.576      99.345       0.000      17.517     -94.440      -4.724      35.145      -0.005      -0.004      -0.007
      796.576     242.106     100.878     -35.145   62330.527       0.984      -0.201
      796.576       0.000    7346.839       0.000       0.000       0.000
      796.576       0.000       0.000       0.000       0.000       0.000
      796.576       0.000     115.951 3505637.000
